cJSON.c:77:28:cJSON_GetErrorPtr	8	static
cJSON.c:82:22:cJSON_GetStringValue	16	static
cJSON.c:95:27:cJSON_Version	16	static
cJSON.c:104:12:case_insensitive_strcmp	32	static
cJSON.c:159:23:cJSON_strdup	24	static
cJSON.c:180:20:cJSON_InitHooks	16	static
cJSON.c:212:15:cJSON_New_Item	24	static
cJSON.c:224:20:cJSON_Delete	24	static
cJSON.c:248:22:get_decimal_point	8	static
cJSON.c:276:19:parse_number	112	static
cJSON.c:353:22:cJSON_SetNumberHelper	32	static
cJSON.c:383:23:ensure	24	static
cJSON.c:471:13:update_offset	32	static
cJSON.c:484:19:print_number	88	static
cJSON.c:550:17:parse_hex4	24	static
cJSON.c:587:22:utf16_literal_to_utf8	48	static
cJSON.c:708:19:parse_string	56	static
cJSON.c:837:19:print_string_ptr	40	static
cJSON.c:959:19:print_string	16	static
cJSON.c:973:22:buffer_skip_whitespace	16	static
cJSON.c:994:22:skip_utf8_bom	16	static
cJSON.c:1010:23:cJSON_ParseWithOpts	72	static
cJSON.c:1090:23:cJSON_Parse	16	static
cJSON.c:1097:23:print	72	static
cJSON.c:1162:22:cJSON_Print	16	static
cJSON.c:1167:22:cJSON_PrintUnformatted	16	static
cJSON.c:1172:22:cJSON_PrintBuffered	72	static
cJSON.c:1202:26:cJSON_PrintPreallocated	72	static
cJSON.c:1222:19:parse_value	16	static
cJSON.c:1277:19:print_value	24	static
cJSON.c:1351:19:parse_array	32	static
cJSON.c:1445:19:print_array	32	static
cJSON.c:1507:19:parse_object	32	static
cJSON.c:1616:19:print_object	40	static
cJSON.c:1730:19:cJSON_GetArraySize	24	static
cJSON.c:1753:15:get_array_item	24	static
cJSON.c:1772:23:cJSON_GetArrayItem	16	static
cJSON.c:1782:15:get_object_item	32	static
cJSON.c:1814:23:cJSON_GetObjectItem	16	static
cJSON.c:1819:23:cJSON_GetObjectItemCaseSensitive	16	static
cJSON.c:1824:26:cJSON_HasObjectItem	16	static
cJSON.c:1830:13:suffix_object	16	static
cJSON.c:1837:15:create_reference	24	static
cJSON.c:1858:19:add_item_to_array	24	static
cJSON.c:1888:20:cJSON_AddItemToArray	16	static
cJSON.c:1900:14:cast_away_const	16	static
cJSON.c:1909:19:add_item_to_object	32	static
cJSON.c:1946:20:cJSON_AddItemToObject	40	static
cJSON.c:1952:20:cJSON_AddItemToObjectCS	40	static
cJSON.c:1957:20:cJSON_AddItemReferenceToArray	16	static
cJSON.c:1967:20:cJSON_AddItemReferenceToObject	40	static
cJSON.c:1977:22:cJSON_AddNullToObject	40	static
cJSON.c:1989:22:cJSON_AddTrueToObject	40	static
cJSON.c:2001:22:cJSON_AddFalseToObject	40	static
cJSON.c:2013:22:cJSON_AddBoolToObject	48	static
cJSON.c:2025:22:cJSON_AddNumberToObject	48	static
cJSON.c:2037:22:cJSON_AddStringToObject	48	static
cJSON.c:2049:22:cJSON_AddRawToObject	48	static
cJSON.c:2061:22:cJSON_AddObjectToObject	40	static
cJSON.c:2073:22:cJSON_AddArrayToObject	40	static
cJSON.c:2085:23:cJSON_DetachItemViaPointer	16	static
cJSON.c:2115:23:cJSON_DetachItemFromArray	16	static
cJSON.c:2125:20:cJSON_DeleteItemFromArray	16	static
cJSON.c:2130:23:cJSON_DetachItemFromObject	24	static
cJSON.c:2137:23:cJSON_DetachItemFromObjectCaseSensitive	24	static
cJSON.c:2144:20:cJSON_DeleteItemFromObject	16	static
cJSON.c:2149:20:cJSON_DeleteItemFromObjectCaseSensitive	16	static
cJSON.c:2155:20:cJSON_InsertItemInArray	32	static
cJSON.c:2184:26:cJSON_ReplaceItemViaPointer	24	static
cJSON.c:2219:20:cJSON_ReplaceItemInArray	24	static
cJSON.c:2229:19:replace_item_in_object	24	static
cJSON.c:2249:20:cJSON_ReplaceItemInObject	24	static
cJSON.c:2254:20:cJSON_ReplaceItemInObjectCaseSensitive	24	static
cJSON.c:2260:23:cJSON_CreateNull	16	static
cJSON.c:2271:23:cJSON_CreateTrue	16	static
cJSON.c:2282:23:cJSON_CreateFalse	16	static
cJSON.c:2293:23:cJSON_CreateBool	24	static
cJSON.c:2304:23:cJSON_CreateNumber	32	static
cJSON.c:2330:23:cJSON_CreateString	24	static
cJSON.c:2347:23:cJSON_CreateStringReference	24	static
cJSON.c:2359:23:cJSON_CreateObjectReference	24	static
cJSON.c:2370:23:cJSON_CreateArrayReference	24	static
cJSON.c:2380:23:cJSON_CreateRaw	24	static
cJSON.c:2397:23:cJSON_CreateArray	16	static
cJSON.c:2408:23:cJSON_CreateObject	16	static
cJSON.c:2420:23:cJSON_CreateIntArray	40	static
cJSON.c:2455:23:cJSON_CreateFloatArray	40	static
cJSON.c:2491:23:cJSON_CreateDoubleArray	40	static
cJSON.c:2527:23:cJSON_CreateStringArray	32	static
cJSON.c:2564:23:cJSON_Duplicate	40	static
cJSON.c:2643:13:skip_oneline_comment	16	static
cJSON.c:2656:13:skip_multiline_comment	16	static
cJSON.c:2670:13:minify_string	16	static
cJSON.c:2692:20:cJSON_Minify	24	static
cJSON.c:2740:26:cJSON_IsInvalid	16	static
cJSON.c:2750:26:cJSON_IsFalse	16	static
cJSON.c:2760:26:cJSON_IsTrue	16	static
cJSON.c:2771:26:cJSON_IsBool	16	static
cJSON.c:2780:26:cJSON_IsNull	16	static
cJSON.c:2790:26:cJSON_IsNumber	16	static
cJSON.c:2800:26:cJSON_IsString	16	static
cJSON.c:2810:26:cJSON_IsArray	16	static
cJSON.c:2820:26:cJSON_IsObject	16	static
cJSON.c:2830:26:cJSON_IsRaw	16	static
cJSON.c:2840:26:cJSON_Compare	48	static
cJSON.c:2965:22:cJSON_malloc	16	static
cJSON.c:2970:20:cJSON_free	16	static
