main.c:87:5:main	8	static
main.c:146:6:SystemClock_Config	136	static
main.c:192:13:MX_NVIC_Init	8	static
main.c:204:13:MX_I2C1_Init	8	static
main.c:250:13:MX_SPI1_Init	8	static
main.c:288:13:MX_TIM2_Init	56	static
main.c:339:13:MX_USART1_UART_Init	8	static
main.c:374:13:MX_GPIO_Init	56	static
main.c:437:13:BME280_INIT	8	static
main.c:462:6:user_delay_ms	16	static
main.c:488:8:user_i2c_read	48	static
main.c:527:8:user_i2c_write	48	static
main.c:556:6:wifiRST	24	static
main.c:562:6:wifiInit	32	static
main.c:568:6:connectWifi	56	static
main.c:579:6:Error_Handler	8	static
