main.c:87:5:main	8	static
main.c:140:6:SystemClock_Config	136	static
main.c:186:13:MX_NVIC_Init	8	static
main.c:198:13:MX_I2C1_Init	8	static
main.c:244:13:MX_SPI1_Init	8	static
main.c:282:13:MX_TIM2_Init	56	static
main.c:333:13:MX_USART1_UART_Init	8	static
main.c:368:13:MX_GPIO_Init	56	static
main.c:431:13:BME280_INIT	8	static
main.c:456:6:user_delay_ms	16	static
main.c:482:8:user_i2c_read	48	static
main.c:521:8:user_i2c_write	48	static
main.c:551:6:connectWifi	72	static
main.c:564:6:Error_Handler	8	static
