stm32l0xx_it.c:108:6:NMI_Handler	8	static
stm32l0xx_it.c:121:6:HardFault_Handler	8	static
stm32l0xx_it.c:137:6:SVC_Handler	8	static
stm32l0xx_it.c:150:6:PendSV_Handler	8	static
stm32l0xx_it.c:163:6:SysTick_Handler	8	static
stm32l0xx_it.c:183:6:TIM2_IRQHandler	48	static
stm32l0xx_it.c:237:6:Toggle_User_LED	8	static
stm32l0xx_it.c:245:6:Toggle_ADC_Chip_Select	8	static
stm32l0xx_it.c:253:6:HAL_SPI_Transmit_Start	16	static
stm32l0xx_it.c:264:6:Read_ADC	40	static
stm32l0xx_it.c:287:17:reverse	24	static
stm32l0xx_it.c:304:14:adc_to_voltage	24	static
stm32l0xx_it.c:331:14:calculate_wind_speed	56	static
