stm32l0xx_hal_msp.c:64:6:HAL_MspInit	8	static
stm32l0xx_hal_msp.c:90:6:HAL_I2C_MspInit	40	static
stm32l0xx_hal_msp.c:125:6:HAL_I2C_MspDeInit	16	static
stm32l0xx_hal_msp.c:154:6:HAL_RTC_MspInit	16	static
stm32l0xx_hal_msp.c:176:6:HAL_RTC_MspDeInit	16	static
stm32l0xx_hal_msp.c:198:6:HAL_SPI_MspInit	56	static
stm32l0xx_hal_msp.c:244:6:HAL_SPI_MspDeInit	16	static
stm32l0xx_hal_msp.c:277:6:HAL_TIM_Base_MspInit	16	static
stm32l0xx_hal_msp.c:299:6:HAL_TIM_Base_MspDeInit	16	static
stm32l0xx_hal_msp.c:324:6:HAL_UART_MspInit	40	static
stm32l0xx_hal_msp.c:360:6:HAL_UART_MspDeInit	16	static
