stm32l0xx_it.c:109:6:NMI_Handler	8	static
stm32l0xx_it.c:122:6:HardFault_Handler	8	static
stm32l0xx_it.c:138:6:SVC_Handler	8	static
stm32l0xx_it.c:151:6:PendSV_Handler	8	static
stm32l0xx_it.c:164:6:SysTick_Handler	8	static
stm32l0xx_it.c:184:6:TIM2_IRQHandler	56	static
stm32l0xx_it.c:249:6:Toggle_User_LED	8	static
stm32l0xx_it.c:257:6:Toggle_ADC_Chip_Select	8	static
stm32l0xx_it.c:265:6:HAL_SPI_Transmit_Start	16	static
stm32l0xx_it.c:276:6:Read_ADC	40	static
stm32l0xx_it.c:299:17:reverse	24	static
stm32l0xx_it.c:323:14:adc_to_voltage	24	static
stm32l0xx_it.c:350:14:calculate_wind_speed	56	static
